36 runs on 4 workers (1500 steps, N=64, d=64)
[done   44.7s] associative_recall   mosa-sparsemax         seed=0 acc=0.105 loss=2.082
[done   45.8s] associative_recall   smaxroute-softmax      seed=1 acc=0.137 loss=2.080
[done   83.8s] associative_recall   baseline-softmax       seed=0 acc=0.344 loss=1.218
[done   45.8s] associative_recall   mosa-sparsemax         seed=1 acc=0.137 loss=2.079
[done   55.7s] associative_recall   smaxroute-sparsemax    seed=0 acc=0.094 loss=2.080
[done  124.7s] associative_recall   dense-sparsemax        seed=1 acc=0.383 loss=1.210
[done   48.7s] associative_recall   smaxroute-softmax      seed=0 acc=0.242 loss=1.907
[done   47.7s] associative_recall   smaxroute-sparsemax    seed=1 acc=0.137 loss=2.079
[done   37.6s] associative_recall   mosa-softmax           seed=0 acc=0.125 loss=2.080
[done   83.6s] associative_recall   baseline-softmax       seed=1 acc=0.297 loss=1.346
[done   37.9s] associative_recall   mosa-softmax           seed=1 acc=0.121 loss=2.080
[done   87.8s] needle               baseline-softmax       seed=0 acc=0.340 loss=1.360
[done   40.4s] needle               mosa-sparsemax         seed=0 acc=0.102 loss=2.080
[done  124.7s] needle               dense-sparsemax        seed=1 acc=0.316 loss=1.483
[done   40.0s] needle               mosa-sparsemax         seed=1 acc=0.121 loss=2.075
[done  125.7s] associative_recall   dense-sparsemax        seed=0 acc=0.297 loss=1.268
[done   87.9s] needle               baseline-softmax       seed=1 acc=0.375 loss=1.267
[done   41.5s] needle               mosa-softmax           seed=0 acc=0.102 loss=2.082
[done   43.0s] needle               smaxroute-softmax      seed=0 acc=0.102 loss=2.081
[done   42.6s] needle               smaxroute-softmax      seed=1 acc=0.156 loss=2.079
[done   39.8s] needle               mosa-softmax           seed=1 acc=0.156 loss=2.079
[done   50.8s] needle               smaxroute-sparsemax    seed=0 acc=0.207 loss=1.973
[done   71.1s] majority             baseline-softmax       seed=0 acc=1.000 loss=0.000
[done   38.4s] needle               smaxroute-sparsemax    seed=1 acc=0.156 loss=2.079
[done  121.8s] needle               dense-sparsemax        seed=0 acc=0.312 loss=1.307
[done   39.9s] majority             mosa-sparsemax         seed=0 acc=0.250 loss=1.962
[done   75.9s] majority             baseline-softmax       seed=1 acc=1.000 loss=0.000
[done   38.4s] majority             smaxroute-softmax      seed=1 acc=0.172 loss=2.077
[done  136.4s] majority             dense-sparsemax        seed=1 acc=1.000 loss=0.013
[done   39.4s] majority             mosa-sparsemax         seed=1 acc=0.195 loss=2.023
[done   39.4s] majority             smaxroute-sparsemax    seed=0 acc=0.203 loss=2.053
[done   39.6s] majority             mosa-softmax           seed=0 acc=0.262 loss=1.902
[done   40.1s] majority             smaxroute-softmax      seed=0 acc=0.203 loss=2.030
[done   38.7s] majority             smaxroute-sparsemax    seed=1 acc=0.180 loss=2.060
[done   38.7s] majority             mosa-softmax           seed=1 acc=0.371 loss=1.723
[done  125.7s] majority             dense-sparsemax        seed=0 acc=1.000 loss=0.005
wrote /home/user/XCAP/EBT/results/results.json (36 runs, 598s total)
