[hrm_loop5_kda_mhamoe_fullbp] step     0 VAL bpc 6.5646
[hrm_loop5_kda_mhamoe_fullbp] step     0 loss 4.6172 bp 15 316s
[hrm_loop5_kda_mhamoe_fullbp] step    50 VAL bpc 3.3168
[hrm_loop5_kda_mhamoe_fullbp] step    50 loss 2.1745 bp 15 435s
[hrm_loop5_kda_mhamoe_fullbp] step   100 VAL bpc 3.0506
[hrm_loop5_kda_mhamoe_fullbp] step   100 loss 1.9952 bp 15 557s
[hrm_loop5_kda_mhamoe_fullbp] step   150 VAL bpc 2.9405
[hrm_loop5_kda_mhamoe_fullbp] step   150 loss 1.7855 bp 15 684s
[hrm_loop5_kda_mhamoe_fullbp] step   200 VAL bpc 2.8428
[hrm_loop5_kda_mhamoe_fullbp] step   200 loss 1.7344 bp 15 814s
[hrm_loop5_kda_mhamoe_fullbp] step   250 VAL bpc 2.7918
[hrm_loop5_kda_mhamoe_fullbp] step   250 loss 1.7827 bp 15 938s
[hrm_loop5_kda_mhamoe_fullbp] step   300 VAL bpc 2.7410
[hrm_loop5_kda_mhamoe_fullbp] step   300 loss 1.5285 bp 15 1067s
[hrm_loop5_kda_mhamoe_fullbp] step   350 VAL bpc 2.6500
[hrm_loop5_kda_mhamoe_fullbp] step   350 loss 1.6529 bp 15 1194s
[hrm_loop5_kda_mhamoe_fullbp] step   400 VAL bpc 2.6265
[hrm_loop5_kda_mhamoe_fullbp] step   400 loss 1.6377 bp 15 1317s
[hrm_loop5_kda_mhamoe_fullbp] step   450 VAL bpc 2.5810
[hrm_loop5_kda_mhamoe_fullbp] step   450 loss 1.6687 bp 15 1438s
[hrm_loop5_kda_mhamoe_fullbp] step   500 VAL bpc 2.5471
[hrm_loop5_kda_mhamoe_fullbp] step   500 loss 1.5558 bp 15 1561s
[hrm_loop5_kda_mhamoe_fullbp] step   550 VAL bpc 2.5367
[hrm_loop5_kda_mhamoe_fullbp] step   550 loss 1.5321 bp 15 1688s
[hrm_loop5_kda_mhamoe_fullbp] step   600 VAL bpc 2.5022
[hrm_loop5_kda_mhamoe_fullbp] step   600 loss 1.5145 bp 15 1809s
[hrm_loop5_kda_mhamoe_fullbp] step   649 VAL bpc 2.4831
[hrm_loop5_kda_mhamoe_fullbp] step   649 loss 1.5062 bp 15 1928s
[hrm_loop5_kda_mhamoe_fullbp] val_loss 1.6736 bpc 2.4146 (1928s, 868,324 params)
