[8s] N=132483 E=2509503
[44s] empirical BFC on 20000 edges (36s): mean=1.4230 frac_neg=0.1219
[123s] null 1/3 (78s): mean=2.8228 frac_neg=0.0872
[205s] null 2/3 (83s): mean=2.8012 frac_neg=0.0862
[284s] null 3/3 (79s): mean=2.7957 frac_neg=0.0853
{
  "n_nodes": 132483,
  "n_edges_total": 2509503,
  "n_edges_sampled": 20000,
  "n_null": 3,
  "empirical": {
    "mean": 1.4229556069128417,
    "sd": 1.4282518262395099,
    "median": 1.1531416153352758,
    "frac_negative": 0.1219,
    "q01": -0.6283696798125732,
    "q05": -0.3080991729258966,
    "q25": 0.3979510853049764,
    "q75": 2.1288145910874605,
    "min": -1.6772486772486772,
    "max": 13.83461352353568,
    "n": 20000
  },
  "null_pooled": {
    "mean": 2.8065744057804554,
    "sd": 2.6540217123992744,
    "median": 2.270199550096047,
    "frac_negative": 0.08623333333333333,
    "q01": -1.7666666666666666,
    "q05": -0.3487450349824369,
    "q25": 0.8792034313725487,
    "q75": 4.1600286089173455,
    "min": -1.9285004965243298,
    "max": 27.312668021251355,
    "n": 60000
  },
  "null_means": [
    2.822800056412275,
    2.801211490458654,
    2.7957116704704377
  ],
  "z_of_mean": -96.6324028018827,
  "delta_mean": -1.3836187988676136,
  "delta_frac_negative": 0.035666666666666666
}
